// maps names to scene ID's

// hue hue:bridge:ecb5fa2c8738 scenes

// *************************************
// ***   ROOMS   ***********************
// *************************************

// Wohnzimmer
// hue:group:ecb5fa2c8738:1
// none

// Brunnen
// hue:group:ecb5fa2c8738:2 scenes
raumBrunnen_Nachtlicht=j39IwnLFDuxqkEk
raumBrunnen_Konzentrieren=j4flmuigigiSiGG

// Einfahrt
// hue:group:ecb5fa2c8738:2 scenes
raumEinfahrt_Konzentrieren=akuv4O2zWTt1k7q
raumEinfahrt_Nachtlicht=FPGIlAJEH-pLe0N

// Erkerweg
// hue:group:ecb5fa2c8738:3 scenes
raumErkerWeg_Konzentrieren=ff2CQ6NZ7H-rQCc
raumErkerWeg_Nachtlicht=7D4NmmRW8OnA-yO

// Werkstatt
// hue:group:ecb5fa2c8738:4 scenes
// none

// Küche
// hue:group:ecb5fa2c8738:5 scenes
// none

// Schuppen
// hue:group:ecb5fa2c8738:8 scenes
//none

// Terrasse
// hue:group:ecb5fa2c8738:9 scenes
raumTerrasse_Hell=Kn4bOilDuyHHc5W
raumTerrasse_Konzentrieren=zmdgXoyjoMx4z3o
raumTerrasse_Nachtlicht=IgnbwwI0bMkYJKg

// Fahrrad
// hue:group:ecb5fa2c8738:10 scenes
raumFahrrad_Konzentrieren=j4flmuigigiSiGG
raumFahrrad_Nachtlicht=j39IwnLFDuxqkEk

// Grillbereich
// hue:group:ecb5fa2c8738:11 scenes
raumGrillbereich_Konzentrieren=wSSHqnmyDWwrNY1
raumGrillbereich_Nachtlicht=nvw95YwGZcBcvfn

// HausEcke
// hue:group:ecb5fa2c8738:14 scenes
raumHausEcke_Konzentrieren=Z5ooPJCSeEepjnt
raumHausEcke_Nachtlich=JwNGGsAJSBn9cmd

// *************************************
// ***   SCENES   **********************
// *************************************
// hue hue:group:1:allElements scenes

// Garten
// hue:group:ecb5fa2c8738:13 scenes
szeneGarden_Konzentrieren=pOwN-fzpfsh2htw
szeneGarden_Nachtlicht=OCeebrCXWbPhM7c

// Erdgeschoss
// hue:group:ecb5fa2c8738:15 scenes
// none

// Keller
// hue:group:ecb5fa2c8738:16 scenes
// none

// Sofa
// hue:group:ecb5fa2c8738:18 scenes
// none

// TV
// hue:group:ecb5fa2c8738:19 scenes
szeneTV_Blau=pKibsEtNhDTqUoa
szeneTV_Gold=anO20TqGWqKEXKG
szeneTV_Grün=9Ku1lQSucC0dM97
szeneTV_Orange=pca7tiV15IscD-d
szeneTV_Rot=lz1oBYXWnpKGlI3

// *************************************
// ***   GROUPS   **********************
// *************************************

// Lichter
// hue:group:ecb5fa2c8738:6 scenes
gruppeLights_Konzentrieren=EhiRdvlsLUxgt4Y

// Steckdosen
// hue:group:ecb5fa2c8738:7 scenes
// none
